# AST to TTIR mapping - _ttir_full
# Generated: 2026-06-02 12:35:20.548227

## 详细日志
[visit_enter] AST=Module line=0 MLIR_ops=['set_loc', 'set_loc']
[visit_enter] AST=FunctionDef line=1 MLIR_ops=['set_loc']
[visit_enter] AST=arguments line=0 MLIR_ops=['set_loc', 'set_loc', 'set_loc', 'set_loc', 'set_loc', 'set_loc']
[visit_enter] AST=arg line=1 MLIR_ops=[]
[visit_enter] AST=arg line=1 MLIR_ops=[]
[visit_enter] AST=arg line=1 MLIR_ops=[]
[visit_enter] AST=list line=0 MLIR_ops=['set_loc', 'set_loc', 'set_loc', 'set_loc', 'set_loc', 'set_loc', 'set_loc', 'set_loc', 'set_loc', 'set_loc', 'set_loc', 'set_loc']
[visit_enter] AST=Assign line=2 MLIR_ops=['set_loc', 'set_loc', 'set_loc', 'set_loc']
[visit_enter] AST=Call line=2 MLIR_ops=['set_loc', 'set_loc', 'set_loc', 'set_loc', 'get.program.id']
[visit_enter] AST=Attribute line=2 MLIR_ops=['set_loc', 'set_loc']
[visit_enter] AST=Name line=2 MLIR_ops=[]
[visit_enter] AST=Constant line=2 MLIR_ops=[]
[visit_enter] AST=Name line=2 MLIR_ops=[]
[visit_enter] AST=Assign line=3 MLIR_ops=['set_loc', 'set_loc', 'set_loc', 'set_loc']
[visit_enter] AST=BinOp line=3 MLIR_ops=['set_loc', 'set_loc', 'set_loc', 'set_loc', 'splat', 'int.cast', 'int.cast', 'add', 'splat', 'icmpSLE', 'splat', 'icmpSGE', 'and', 'add']
[visit_enter] AST=BinOp line=3 MLIR_ops=['set_loc', 'set_loc', 'set_loc', 'set_loc', 'int.cast', 'int.cast', 'mul', 'icmpSLE', 'icmpSGE', 'and', 'mul']
[visit_enter] AST=Name line=3 MLIR_ops=[]
[visit_enter] AST=Constant line=3 MLIR_ops=[]
[visit_enter] AST=Call line=3 MLIR_ops=['set_loc', 'set_loc', 'set_loc', 'set_loc', 'set_loc', 'set_loc', 'make.range']
[visit_enter] AST=Attribute line=3 MLIR_ops=['set_loc', 'set_loc']
[visit_enter] AST=Name line=3 MLIR_ops=[]
[visit_enter] AST=Constant line=3 MLIR_ops=[]
[visit_enter] AST=Constant line=3 MLIR_ops=[]
[visit_enter] AST=Name line=3 MLIR_ops=[]
[visit_enter] AST=Assign line=4 MLIR_ops=['set_loc', 'set_loc', 'set_loc', 'set_loc']
[visit_enter] AST=Call line=4 MLIR_ops=['set_loc', 'set_loc', 'set_loc', 'set_loc', 'set_loc', 'set_loc', 'masked.load']
[visit_enter] AST=Attribute line=4 MLIR_ops=['set_loc', 'set_loc']
[visit_enter] AST=Name line=4 MLIR_ops=[]
[visit_enter] AST=keyword line=4 MLIR_ops=['set_loc', 'set_loc']
[visit_enter] AST=Compare line=4 MLIR_ops=['set_loc', 'set_loc', 'set_loc', 'set_loc', 'splat', 'icmpSLT']
[visit_enter] AST=Name line=4 MLIR_ops=[]
[visit_enter] AST=Constant line=4 MLIR_ops=[]
[visit_enter] AST=BinOp line=4 MLIR_ops=['set_loc', 'set_loc', 'set_loc', 'set_loc', 'splat', 'addptr']
[visit_enter] AST=Name line=4 MLIR_ops=[]
[visit_enter] AST=Name line=4 MLIR_ops=[]
[visit_enter] AST=Name line=4 MLIR_ops=[]
[visit_enter] AST=Assign line=5 MLIR_ops=['set_loc', 'set_loc', 'set_loc', 'set_loc']
[visit_enter] AST=Call line=5 MLIR_ops=['set_loc', 'set_loc', 'set_loc', 'set_loc', 'set_loc', 'set_loc', 'masked.load']
[visit_enter] AST=Attribute line=5 MLIR_ops=['set_loc', 'set_loc']
[visit_enter] AST=Name line=5 MLIR_ops=[]
[visit_enter] AST=keyword line=5 MLIR_ops=['set_loc', 'set_loc']
[visit_enter] AST=Compare line=5 MLIR_ops=['set_loc', 'set_loc', 'set_loc', 'set_loc', 'splat', 'icmpSLT']
[visit_enter] AST=Name line=5 MLIR_ops=[]
[visit_enter] AST=Constant line=5 MLIR_ops=[]
[visit_enter] AST=BinOp line=5 MLIR_ops=['set_loc', 'set_loc', 'set_loc', 'set_loc', 'splat', 'addptr']
[visit_enter] AST=Name line=5 MLIR_ops=[]
[visit_enter] AST=Name line=5 MLIR_ops=[]
[visit_enter] AST=Name line=5 MLIR_ops=[]
[visit_enter] AST=Assign line=6 MLIR_ops=['set_loc', 'set_loc', 'set_loc', 'set_loc']
[visit_enter] AST=BinOp line=6 MLIR_ops=['set_loc', 'set_loc', 'set_loc', 'set_loc', 'fadd']
[visit_enter] AST=Name line=6 MLIR_ops=[]
[visit_enter] AST=Name line=6 MLIR_ops=[]
[visit_enter] AST=Name line=6 MLIR_ops=[]
[visit_enter] AST=Expr line=7 MLIR_ops=['set_loc', 'set_loc']
[visit_enter] AST=Call line=7 MLIR_ops=['set_loc', 'set_loc', 'set_loc', 'set_loc', 'set_loc', 'set_loc', 'set_loc', 'set_loc', 'masked.store']
[visit_enter] AST=Attribute line=7 MLIR_ops=['set_loc', 'set_loc']
[visit_enter] AST=Name line=7 MLIR_ops=[]
[visit_enter] AST=keyword line=7 MLIR_ops=['set_loc', 'set_loc']
[visit_enter] AST=Compare line=7 MLIR_ops=['set_loc', 'set_loc', 'set_loc', 'set_loc', 'splat', 'icmpSLT']
[visit_enter] AST=Name line=7 MLIR_ops=[]
[visit_enter] AST=Constant line=7 MLIR_ops=[]
[visit_enter] AST=BinOp line=7 MLIR_ops=['set_loc', 'set_loc', 'set_loc', 'set_loc', 'splat', 'addptr']
[visit_enter] AST=Name line=7 MLIR_ops=[]
[visit_enter] AST=Name line=7 MLIR_ops=[]
[visit_enter] AST=Name line=7 MLIR_ops=[]
[visit_enter] AST=Module line=0 MLIR_ops=['set_loc', 'set_loc']
[visit_enter] AST=FunctionDef line=1 MLIR_ops=['set_loc']
[visit_enter] AST=arguments line=0 MLIR_ops=['set_loc', 'set_loc', 'set_loc', 'set_loc', 'set_loc', 'set_loc']
[visit_enter] AST=arg line=1 MLIR_ops=[]
[visit_enter] AST=arg line=1 MLIR_ops=[]
[visit_enter] AST=arg line=1 MLIR_ops=[]
[visit_enter] AST=list line=0 MLIR_ops=['set_loc', 'set_loc', 'set_loc', 'set_loc', 'set_loc', 'set_loc', 'set_loc', 'set_loc', 'set_loc', 'set_loc', 'set_loc', 'set_loc', 'set_loc', 'set_loc', 'set_loc', 'set_loc']
[visit_enter] AST=Assign line=2 MLIR_ops=['set_loc', 'set_loc', 'set_loc', 'set_loc']
[visit_enter] AST=Call line=2 MLIR_ops=['set_loc', 'set_loc', 'set_loc', 'set_loc', 'get.program.id']
[visit_enter] AST=Attribute line=2 MLIR_ops=['set_loc', 'set_loc']
[visit_enter] AST=Name line=2 MLIR_ops=[]
[visit_enter] AST=Constant line=2 MLIR_ops=[]
[visit_enter] AST=Name line=2 MLIR_ops=[]
[visit_enter] AST=Assign line=3 MLIR_ops=['set_loc', 'set_loc', 'set_loc', 'set_loc']
[visit_enter] AST=BinOp line=3 MLIR_ops=['set_loc', 'set_loc', 'set_loc', 'set_loc', 'splat', 'int.cast', 'int.cast', 'add', 'splat', 'icmpSLE', 'splat', 'icmpSGE', 'and', 'add']
[visit_enter] AST=BinOp line=3 MLIR_ops=['set_loc', 'set_loc', 'set_loc', 'set_loc', 'int.cast', 'int.cast', 'mul', 'icmpSLE', 'icmpSGE', 'and', 'mul']
[visit_enter] AST=BinOp line=3 MLIR_ops=['set_loc', 'set_loc', 'set_loc', 'set_loc', 'sdiv']
[visit_enter] AST=Name line=3 MLIR_ops=[]
[visit_enter] AST=Constant line=3 MLIR_ops=[]
[visit_enter] AST=Constant line=3 MLIR_ops=[]
[visit_enter] AST=Call line=3 MLIR_ops=['set_loc', 'set_loc', 'set_loc', 'set_loc', 'set_loc', 'set_loc', 'make.range']
[visit_enter] AST=Attribute line=3 MLIR_ops=['set_loc', 'set_loc']
[visit_enter] AST=Name line=3 MLIR_ops=[]
[visit_enter] AST=Constant line=3 MLIR_ops=[]
[visit_enter] AST=Constant line=3 MLIR_ops=[]
[visit_enter] AST=Name line=3 MLIR_ops=[]
[visit_enter] AST=Assign line=4 MLIR_ops=['set_loc', 'set_loc', 'set_loc', 'set_loc']
[visit_enter] AST=BinOp line=4 MLIR_ops=['set_loc', 'set_loc', 'set_loc', 'set_loc', 'splat', 'int.cast', 'int.cast', 'add', 'splat', 'icmpSLE', 'splat', 'icmpSGE', 'and', 'add']
[visit_enter] AST=BinOp line=4 MLIR_ops=['set_loc', 'set_loc', 'set_loc', 'set_loc', 'int.cast', 'int.cast', 'mul', 'icmpSLE', 'icmpSGE', 'and', 'mul']
[visit_enter] AST=BinOp line=4 MLIR_ops=['set_loc', 'set_loc', 'set_loc', 'set_loc', 'srem']
[visit_enter] AST=Name line=4 MLIR_ops=[]
[visit_enter] AST=Constant line=4 MLIR_ops=[]
[visit_enter] AST=Constant line=4 MLIR_ops=[]
[visit_enter] AST=Call line=4 MLIR_ops=['set_loc', 'set_loc', 'set_loc', 'set_loc', 'set_loc', 'set_loc', 'make.range']
[visit_enter] AST=Attribute line=4 MLIR_ops=['set_loc', 'set_loc']
[visit_enter] AST=Name line=4 MLIR_ops=[]
[visit_enter] AST=Constant line=4 MLIR_ops=[]
[visit_enter] AST=Constant line=4 MLIR_ops=[]
[visit_enter] AST=Name line=4 MLIR_ops=[]
[visit_enter] AST=Assign line=5 MLIR_ops=['set_loc', 'set_loc', 'set_loc', 'set_loc']
[visit_enter] AST=Call line=5 MLIR_ops=['set_loc', 'set_loc', 'set_loc', 'set_loc', 'set_loc', 'set_loc', 'make.range']
[visit_enter] AST=Attribute line=5 MLIR_ops=['set_loc', 'set_loc']
[visit_enter] AST=Name line=5 MLIR_ops=[]
[visit_enter] AST=Constant line=5 MLIR_ops=[]
[visit_enter] AST=Constant line=5 MLIR_ops=[]
[visit_enter] AST=Name line=5 MLIR_ops=[]
[visit_enter] AST=Assign line=6 MLIR_ops=['set_loc', 'set_loc', 'set_loc', 'set_loc']
[visit_enter] AST=Call line=6 MLIR_ops=['set_loc', 'set_loc', 'set_loc', 'set_loc', 'load']
[visit_enter] AST=Attribute line=6 MLIR_ops=['set_loc', 'set_loc']
[visit_enter] AST=Name line=6 MLIR_ops=[]
[visit_enter] AST=BinOp line=6 MLIR_ops=['set_loc', 'set_loc', 'set_loc', 'set_loc', 'broadcast', 'broadcast', 'addptr']
[visit_enter] AST=BinOp line=6 MLIR_ops=['set_loc', 'set_loc', 'set_loc', 'set_loc', 'splat', 'addptr']
[visit_enter] AST=Name line=6 MLIR_ops=[]
[visit_enter] AST=BinOp line=6 MLIR_ops=['set_loc', 'set_loc', 'set_loc', 'set_loc', 'splat', 'int.cast', 'int.cast', 'mul', 'splat', 'icmpSLE', 'splat', 'icmpSGE', 'and', 'mul']
[visit_enter] AST=Subscript line=6 MLIR_ops=[]
[visit_enter] AST=Subscript line=6 MLIR_ops=['set_loc', 'set_loc', 'set_loc', 'set_loc', 'expand.dims']
[visit_enter] AST=Name line=6 MLIR_ops=[]
[visit_enter] AST=Tuple line=6 MLIR_ops=['set_loc', 'set_loc', 'set_loc', 'set_loc']
[visit_enter] AST=Slice line=6 MLIR_ops=[]
[visit_enter] AST=Constant line=6 MLIR_ops=[]
[visit_enter] AST=Constant line=6 MLIR_ops=[]
[visit_enter] AST=Subscript line=6 MLIR_ops=[]
[visit_enter] AST=Subscript line=6 MLIR_ops=['set_loc', 'set_loc', 'set_loc', 'set_loc', 'expand.dims']
[visit_enter] AST=Name line=6 MLIR_ops=[]
[visit_enter] AST=Tuple line=6 MLIR_ops=['set_loc', 'set_loc', 'set_loc', 'set_loc']
[visit_enter] AST=Constant line=6 MLIR_ops=[]
[visit_enter] AST=Slice line=6 MLIR_ops=[]
[visit_enter] AST=Name line=6 MLIR_ops=[]
[visit_enter] AST=Assign line=7 MLIR_ops=['set_loc', 'set_loc', 'set_loc', 'set_loc']
[visit_enter] AST=Call line=7 MLIR_ops=['set_loc', 'set_loc', 'set_loc', 'set_loc', 'load']
[visit_enter] AST=Attribute line=7 MLIR_ops=['set_loc', 'set_loc']
[visit_enter] AST=Name line=7 MLIR_ops=[]
[visit_enter] AST=BinOp line=7 MLIR_ops=['set_loc', 'set_loc', 'set_loc', 'set_loc', 'broadcast', 'broadcast', 'addptr']
[visit_enter] AST=BinOp line=7 MLIR_ops=['set_loc', 'set_loc', 'set_loc', 'set_loc', 'splat', 'addptr']
[visit_enter] AST=Name line=7 MLIR_ops=[]
[visit_enter] AST=BinOp line=7 MLIR_ops=['set_loc', 'set_loc', 'set_loc', 'set_loc', 'splat', 'int.cast', 'int.cast', 'mul', 'splat', 'icmpSLE', 'splat', 'icmpSGE', 'and', 'mul']
[visit_enter] AST=Subscript line=7 MLIR_ops=[]
[visit_enter] AST=Subscript line=7 MLIR_ops=['set_loc', 'set_loc', 'set_loc', 'set_loc', 'expand.dims']
[visit_enter] AST=Name line=7 MLIR_ops=[]
[visit_enter] AST=Tuple line=7 MLIR_ops=['set_loc', 'set_loc', 'set_loc', 'set_loc']
[visit_enter] AST=Slice line=7 MLIR_ops=[]
[visit_enter] AST=Constant line=7 MLIR_ops=[]
[visit_enter] AST=Constant line=7 MLIR_ops=[]
[visit_enter] AST=Subscript line=7 MLIR_ops=[]
[visit_enter] AST=Subscript line=7 MLIR_ops=['set_loc', 'set_loc', 'set_loc', 'set_loc', 'expand.dims']
[visit_enter] AST=Name line=7 MLIR_ops=[]
[visit_enter] AST=Tuple line=7 MLIR_ops=['set_loc', 'set_loc', 'set_loc', 'set_loc']
[visit_enter] AST=Constant line=7 MLIR_ops=[]
[visit_enter] AST=Slice line=7 MLIR_ops=[]
[visit_enter] AST=Name line=7 MLIR_ops=[]
[visit_enter] AST=Assign line=8 MLIR_ops=['set_loc', 'set_loc', 'set_loc', 'set_loc']
[visit_enter] AST=Call line=8 MLIR_ops=['set_loc', 'set_loc', 'set_loc', 'set_loc', 'set_loc', 'set_loc', 'splat', 'dot']
[visit_enter] AST=Attribute line=8 MLIR_ops=['set_loc', 'set_loc']
[visit_enter] AST=Name line=8 MLIR_ops=[]
[visit_enter] AST=Name line=8 MLIR_ops=[]
[visit_enter] AST=Name line=8 MLIR_ops=[]
[visit_enter] AST=Name line=8 MLIR_ops=[]
[visit_enter] AST=Expr line=9 MLIR_ops=['set_loc', 'set_loc']
[visit_enter] AST=Call line=9 MLIR_ops=['set_loc', 'set_loc', 'set_loc', 'set_loc', 'set_loc', 'set_loc', 'store']
[visit_enter] AST=Attribute line=9 MLIR_ops=['set_loc', 'set_loc']
[visit_enter] AST=Name line=9 MLIR_ops=[]
[visit_enter] AST=BinOp line=9 MLIR_ops=['set_loc', 'set_loc', 'set_loc', 'set_loc', 'broadcast', 'broadcast', 'addptr']
[visit_enter] AST=BinOp line=9 MLIR_ops=['set_loc', 'set_loc', 'set_loc', 'set_loc', 'splat', 'addptr']
[visit_enter] AST=Name line=9 MLIR_ops=[]
[visit_enter] AST=BinOp line=9 MLIR_ops=['set_loc', 'set_loc', 'set_loc', 'set_loc', 'splat', 'int.cast', 'int.cast', 'mul', 'splat', 'icmpSLE', 'splat', 'icmpSGE', 'and', 'mul']
[visit_enter] AST=Subscript line=9 MLIR_ops=[]
[visit_enter] AST=Subscript line=9 MLIR_ops=['set_loc', 'set_loc', 'set_loc', 'set_loc', 'expand.dims']
[visit_enter] AST=Name line=9 MLIR_ops=[]
[visit_enter] AST=Tuple line=9 MLIR_ops=['set_loc', 'set_loc', 'set_loc', 'set_loc']
[visit_enter] AST=Slice line=9 MLIR_ops=[]
[visit_enter] AST=Constant line=9 MLIR_ops=[]
[visit_enter] AST=Constant line=9 MLIR_ops=[]
[visit_enter] AST=Subscript line=9 MLIR_ops=[]
[visit_enter] AST=Subscript line=9 MLIR_ops=['set_loc', 'set_loc', 'set_loc', 'set_loc', 'expand.dims']
[visit_enter] AST=Name line=9 MLIR_ops=[]
[visit_enter] AST=Tuple line=9 MLIR_ops=['set_loc', 'set_loc', 'set_loc', 'set_loc']
[visit_enter] AST=Constant line=9 MLIR_ops=[]
[visit_enter] AST=Slice line=9 MLIR_ops=[]
[visit_enter] AST=Call line=9 MLIR_ops=['set_loc', 'set_loc', 'set_loc', 'set_loc', 'fp.trunc']
[visit_enter] AST=Attribute line=9 MLIR_ops=['set_loc', 'set_loc']
[visit_enter] AST=Name line=9 MLIR_ops=[]
[visit_enter] AST=Attribute line=9 MLIR_ops=['set_loc', 'set_loc']
[visit_enter] AST=Name line=9 MLIR_ops=[]
[visit_enter] AST=Module line=0 MLIR_ops=['set_loc', 'set_loc']
[visit_enter] AST=FunctionDef line=1 MLIR_ops=['set_loc']
[visit_enter] AST=arguments line=0 MLIR_ops=['set_loc', 'set_loc', 'set_loc', 'set_loc']
[visit_enter] AST=arg line=1 MLIR_ops=[]
[visit_enter] AST=arg line=1 MLIR_ops=[]
[visit_enter] AST=list line=0 MLIR_ops=['set_loc', 'set_loc', 'set_loc', 'set_loc', 'set_loc', 'set_loc', 'set_loc', 'set_loc', 'set_loc', 'set_loc']
[visit_enter] AST=Assign line=2 MLIR_ops=['set_loc', 'set_loc', 'set_loc', 'set_loc']
[visit_enter] AST=Call line=2 MLIR_ops=['set_loc', 'set_loc', 'set_loc', 'set_loc', 'get.program.id']
[visit_enter] AST=Attribute line=2 MLIR_ops=['set_loc', 'set_loc']
[visit_enter] AST=Name line=2 MLIR_ops=[]
[visit_enter] AST=Constant line=2 MLIR_ops=[]
[visit_enter] AST=Name line=2 MLIR_ops=[]
[visit_enter] AST=Assign line=3 MLIR_ops=['set_loc', 'set_loc', 'set_loc', 'set_loc']
[visit_enter] AST=BinOp line=3 MLIR_ops=['set_loc', 'set_loc', 'set_loc', 'set_loc', 'splat', 'int.cast', 'int.cast', 'add', 'splat', 'icmpSLE', 'splat', 'icmpSGE', 'and', 'add']
[visit_enter] AST=BinOp line=3 MLIR_ops=['set_loc', 'set_loc', 'set_loc', 'set_loc', 'int.cast', 'int.cast', 'mul', 'icmpSLE', 'icmpSGE', 'and', 'mul']
[visit_enter] AST=Name line=3 MLIR_ops=[]
[visit_enter] AST=Constant line=3 MLIR_ops=[]
[visit_enter] AST=Call line=3 MLIR_ops=['set_loc', 'set_loc', 'set_loc', 'set_loc', 'set_loc', 'set_loc', 'make.range']
[visit_enter] AST=Attribute line=3 MLIR_ops=['set_loc', 'set_loc']
[visit_enter] AST=Name line=3 MLIR_ops=[]
[visit_enter] AST=Constant line=3 MLIR_ops=[]
[visit_enter] AST=Constant line=3 MLIR_ops=[]
[visit_enter] AST=Name line=3 MLIR_ops=[]
[visit_enter] AST=Assign line=4 MLIR_ops=['set_loc', 'set_loc', 'set_loc', 'set_loc']
[visit_enter] AST=Call line=4 MLIR_ops=['set_loc', 'set_loc', 'set_loc', 'set_loc', 'load']
[visit_enter] AST=Attribute line=4 MLIR_ops=['set_loc', 'set_loc']
[visit_enter] AST=Name line=4 MLIR_ops=[]
[visit_enter] AST=BinOp line=4 MLIR_ops=['set_loc', 'set_loc', 'set_loc', 'set_loc', 'splat', 'addptr']
[visit_enter] AST=Name line=4 MLIR_ops=[]
[visit_enter] AST=Name line=4 MLIR_ops=[]
[visit_enter] AST=Name line=4 MLIR_ops=[]
[visit_enter] AST=Assign line=5 MLIR_ops=['set_loc', 'set_loc', 'set_loc', 'set_loc']
[visit_enter] AST=Call line=5 MLIR_ops=['set_loc', 'set_loc', 'set_loc', 'set_loc', 'set_loc', 'set_loc']
[visit_enter] AST=Attribute line=5 MLIR_ops=['set_loc', 'set_loc']
[visit_enter] AST=Name line=5 MLIR_ops=[]
[visit_enter] AST=keyword line=5 MLIR_ops=['set_loc', 'set_loc']
[visit_enter] AST=Constant line=5 MLIR_ops=[]
[visit_enter] AST=Name line=5 MLIR_ops=[]
[visit_enter] AST=Module line=0 MLIR_ops=[]
[visit_enter] AST=FunctionDef line=1 MLIR_ops=[]
[visit_enter] AST=arguments line=0 MLIR_ops=[]
[visit_enter] AST=arg line=1 MLIR_ops=[]
[visit_enter] AST=arg line=1 MLIR_ops=[]
[visit_enter] AST=arg line=1 MLIR_ops=[]
[visit_enter] AST=arg line=1 MLIR_ops=[]
[visit_enter] AST=Attribute line=1 MLIR_ops=[]
[visit_enter] AST=Name line=1 MLIR_ops=[]
[visit_enter] AST=AnnAssign line=0 MLIR_ops=[]
[visit_enter] AST=Attribute line=1 MLIR_ops=[]
[visit_enter] AST=Name line=1 MLIR_ops=[]
[visit_enter] AST=Name line=0 MLIR_ops=[]
[visit_enter] AST=Constant line=1 MLIR_ops=[]
[visit_enter] AST=Assign line=0 MLIR_ops=[]
[visit_enter] AST=Constant line=1 MLIR_ops=[]
[visit_enter] AST=Name line=0 MLIR_ops=[]
[visit_enter] AST=Assign line=0 MLIR_ops=[]
[visit_enter] AST=Constant line=1 MLIR_ops=[]
[visit_enter] AST=Name line=0 MLIR_ops=[]
[visit_enter] AST=list line=0 MLIR_ops=[]
[visit_enter] AST=AnnAssign line=3 MLIR_ops=[]
[visit_enter] AST=Attribute line=3 MLIR_ops=[]
[visit_enter] AST=Name line=3 MLIR_ops=[]
[visit_enter] AST=Name line=3 MLIR_ops=[]
[visit_enter] AST=Call line=3 MLIR_ops=[]
[visit_enter] AST=Name line=3 MLIR_ops=[]
[visit_enter] AST=Attribute line=3 MLIR_ops=[]
[visit_enter] AST=Name line=3 MLIR_ops=[]
[visit_enter] AST=Name line=3 MLIR_ops=[]
[visit_enter] AST=If line=5 MLIR_ops=[]
[visit_enter] AST=Compare line=5 MLIR_ops=[]
[visit_enter] AST=Name line=5 MLIR_ops=[]
[visit_enter] AST=Constant line=5 MLIR_ops=[]
[visit_enter] AST=list line=0 MLIR_ops=[]
[visit_enter] AST=Return line=7 MLIR_ops=[]
[visit_enter] AST=Call line=7 MLIR_ops=[]
[visit_enter] AST=Attribute line=7 MLIR_ops=[]
[visit_enter] AST=Name line=7 MLIR_ops=[]
[visit_enter] AST=keyword line=7 MLIR_ops=[]
[visit_enter] AST=Name line=7 MLIR_ops=[]
[visit_enter] AST=Name line=7 MLIR_ops=[]
[visit_enter] AST=Name line=7 MLIR_ops=[]
[visit_enter] AST=Name line=7 MLIR_ops=[]
[visit_enter] AST=Module line=0 MLIR_ops=[]
[visit_enter] AST=FunctionDef line=1 MLIR_ops=[]
[visit_enter] AST=arguments line=0 MLIR_ops=[]
[visit_enter] AST=arg line=1 MLIR_ops=[]
[visit_enter] AST=arg line=1 MLIR_ops=[]
[visit_enter] AST=list line=0 MLIR_ops=[]
[visit_enter] AST=Return line=2 MLIR_ops=[]
[visit_enter] AST=BinOp line=2 MLIR_ops=[]
[visit_enter] AST=Name line=2 MLIR_ops=[]
[visit_enter] AST=Name line=2 MLIR_ops=[]
[visit_enter] AST=Name line=5 MLIR_ops=[]
[visit_enter] AST=Expr line=6 MLIR_ops=['set_loc', 'set_loc']
[visit_enter] AST=Call line=6 MLIR_ops=['set_loc', 'set_loc', 'set_loc', 'set_loc', 'set_loc', 'set_loc', 'store']
[visit_enter] AST=Attribute line=6 MLIR_ops=['set_loc', 'set_loc']
[visit_enter] AST=Name line=6 MLIR_ops=[]
[visit_enter] AST=BinOp line=6 MLIR_ops=['set_loc', 'set_loc', 'set_loc', 'set_loc', 'addptr']
[visit_enter] AST=Name line=6 MLIR_ops=[]
[visit_enter] AST=Name line=6 MLIR_ops=[]
[visit_enter] AST=Name line=6 MLIR_ops=[]
[visit_enter] AST=Module line=0 MLIR_ops=['set_loc', 'set_loc']
[visit_enter] AST=FunctionDef line=1 MLIR_ops=['set_loc']
[visit_enter] AST=arguments line=0 MLIR_ops=['set_loc', 'set_loc', 'set_loc', 'set_loc']
[visit_enter] AST=arg line=1 MLIR_ops=[]
[visit_enter] AST=arg line=1 MLIR_ops=[]
[visit_enter] AST=list line=0 MLIR_ops=['set_loc', 'set_loc', 'set_loc', 'set_loc', 'set_loc', 'set_loc', 'set_loc', 'set_loc', 'set_loc', 'set_loc']
[visit_enter] AST=Assign line=2 MLIR_ops=['set_loc', 'set_loc', 'set_loc', 'set_loc']
[visit_enter] AST=Call line=2 MLIR_ops=['set_loc', 'set_loc', 'set_loc', 'set_loc', 'get.program.id']
[visit_enter] AST=Attribute line=2 MLIR_ops=['set_loc', 'set_loc']
[visit_enter] AST=Name line=2 MLIR_ops=[]
[visit_enter] AST=Constant line=2 MLIR_ops=[]
[visit_enter] AST=Name line=2 MLIR_ops=[]
[visit_enter] AST=Assign line=3 MLIR_ops=['set_loc', 'set_loc', 'set_loc', 'set_loc']
[visit_enter] AST=BinOp line=3 MLIR_ops=['set_loc', 'set_loc', 'set_loc', 'set_loc', 'splat', 'int.cast', 'int.cast', 'add', 'splat', 'icmpSLE', 'splat', 'icmpSGE', 'and', 'add']
[visit_enter] AST=BinOp line=3 MLIR_ops=['set_loc', 'set_loc', 'set_loc', 'set_loc', 'int.cast', 'int.cast', 'mul', 'icmpSLE', 'icmpSGE', 'and', 'mul']
[visit_enter] AST=Name line=3 MLIR_ops=[]
[visit_enter] AST=Constant line=3 MLIR_ops=[]
[visit_enter] AST=Call line=3 MLIR_ops=['set_loc', 'set_loc', 'set_loc', 'set_loc', 'set_loc', 'set_loc', 'make.range']
[visit_enter] AST=Attribute line=3 MLIR_ops=['set_loc', 'set_loc']
[visit_enter] AST=Name line=3 MLIR_ops=[]
[visit_enter] AST=Constant line=3 MLIR_ops=[]
[visit_enter] AST=Constant line=3 MLIR_ops=[]
[visit_enter] AST=Name line=3 MLIR_ops=[]
[visit_enter] AST=Assign line=4 MLIR_ops=['set_loc', 'set_loc', 'set_loc', 'set_loc']
[visit_enter] AST=Call line=4 MLIR_ops=['set_loc', 'set_loc', 'set_loc', 'set_loc', 'load']
[visit_enter] AST=Attribute line=4 MLIR_ops=['set_loc', 'set_loc']
[visit_enter] AST=Name line=4 MLIR_ops=[]
[visit_enter] AST=BinOp line=4 MLIR_ops=['set_loc', 'set_loc', 'set_loc', 'set_loc', 'splat', 'addptr']
[visit_enter] AST=Name line=4 MLIR_ops=[]
[visit_enter] AST=Name line=4 MLIR_ops=[]
[visit_enter] AST=Name line=4 MLIR_ops=[]
[visit_enter] AST=Assign line=5 MLIR_ops=['set_loc', 'set_loc', 'set_loc', 'set_loc']
[visit_enter] AST=Call line=5 MLIR_ops=['set_loc', 'set_loc', 'set_loc', 'set_loc', 'set_loc', 'set_loc']
[visit_enter] AST=Attribute line=5 MLIR_ops=['set_loc', 'set_loc']
[visit_enter] AST=Name line=5 MLIR_ops=[]
[visit_enter] AST=keyword line=5 MLIR_ops=['set_loc', 'set_loc']
[visit_enter] AST=Constant line=5 MLIR_ops=[]
[visit_enter] AST=Name line=5 MLIR_ops=[]
[visit_enter] AST=Module line=0 MLIR_ops=[]
[visit_enter] AST=FunctionDef line=1 MLIR_ops=[]
[visit_enter] AST=arguments line=0 MLIR_ops=[]
[visit_enter] AST=arg line=1 MLIR_ops=[]
[visit_enter] AST=arg line=1 MLIR_ops=[]
[visit_enter] AST=arg line=1 MLIR_ops=[]
[visit_enter] AST=arg line=1 MLIR_ops=[]
[visit_enter] AST=Attribute line=1 MLIR_ops=[]
[visit_enter] AST=Name line=1 MLIR_ops=[]
[visit_enter] AST=AnnAssign line=0 MLIR_ops=[]
[visit_enter] AST=Attribute line=1 MLIR_ops=[]
[visit_enter] AST=Name line=1 MLIR_ops=[]
[visit_enter] AST=Name line=0 MLIR_ops=[]
[visit_enter] AST=Constant line=1 MLIR_ops=[]
[visit_enter] AST=Assign line=0 MLIR_ops=[]
[visit_enter] AST=Constant line=1 MLIR_ops=[]
[visit_enter] AST=Name line=0 MLIR_ops=[]
[visit_enter] AST=Assign line=0 MLIR_ops=[]
[visit_enter] AST=Constant line=1 MLIR_ops=[]
[visit_enter] AST=Name line=0 MLIR_ops=[]
[visit_enter] AST=list line=0 MLIR_ops=[]
[visit_enter] AST=AnnAssign line=3 MLIR_ops=[]
[visit_enter] AST=Attribute line=3 MLIR_ops=[]
[visit_enter] AST=Name line=3 MLIR_ops=[]
[visit_enter] AST=Name line=3 MLIR_ops=[]
[visit_enter] AST=Call line=3 MLIR_ops=[]
[visit_enter] AST=Name line=3 MLIR_ops=[]
[visit_enter] AST=Attribute line=3 MLIR_ops=[]
[visit_enter] AST=Name line=3 MLIR_ops=[]
[visit_enter] AST=Name line=3 MLIR_ops=[]
[visit_enter] AST=If line=5 MLIR_ops=[]
[visit_enter] AST=Compare line=5 MLIR_ops=[]
[visit_enter] AST=Name line=5 MLIR_ops=[]
[visit_enter] AST=Constant line=5 MLIR_ops=[]
[visit_enter] AST=list line=0 MLIR_ops=[]
[visit_enter] AST=Return line=7 MLIR_ops=[]
[visit_enter] AST=Call line=7 MLIR_ops=[]
[visit_enter] AST=Attribute line=7 MLIR_ops=[]
[visit_enter] AST=Name line=7 MLIR_ops=[]
[visit_enter] AST=keyword line=7 MLIR_ops=[]
[visit_enter] AST=Name line=7 MLIR_ops=[]
[visit_enter] AST=Name line=7 MLIR_ops=[]
[visit_enter] AST=Name line=7 MLIR_ops=[]
[visit_enter] AST=Name line=7 MLIR_ops=[]
[visit_enter] AST=Module line=0 MLIR_ops=[]
[visit_enter] AST=FunctionDef line=1 MLIR_ops=[]
[visit_enter] AST=arguments line=0 MLIR_ops=[]
[visit_enter] AST=arg line=1 MLIR_ops=[]
[visit_enter] AST=arg line=1 MLIR_ops=[]
[visit_enter] AST=list line=0 MLIR_ops=[]
[visit_enter] AST=Return line=2 MLIR_ops=[]
[visit_enter] AST=BinOp line=2 MLIR_ops=[]
[visit_enter] AST=Name line=2 MLIR_ops=[]
[visit_enter] AST=Name line=2 MLIR_ops=[]
[visit_enter] AST=Name line=5 MLIR_ops=[]
[visit_enter] AST=Expr line=6 MLIR_ops=['set_loc', 'set_loc']
[visit_enter] AST=Call line=6 MLIR_ops=['set_loc', 'set_loc', 'set_loc', 'set_loc', 'set_loc', 'set_loc', 'atomic.rmw']
[visit_enter] AST=Attribute line=6 MLIR_ops=['set_loc', 'set_loc']
[visit_enter] AST=Name line=6 MLIR_ops=[]
[visit_enter] AST=Name line=6 MLIR_ops=[]
[visit_enter] AST=Name line=6 MLIR_ops=[]
[visit_enter] AST=Module line=0 MLIR_ops=['set_loc', 'set_loc']
[visit_enter] AST=FunctionDef line=1 MLIR_ops=['set_loc']
[visit_enter] AST=arguments line=0 MLIR_ops=['set_loc', 'set_loc', 'set_loc', 'set_loc', 'set_loc', 'set_loc']
[visit_enter] AST=arg line=1 MLIR_ops=[]
[visit_enter] AST=arg line=1 MLIR_ops=[]
[visit_enter] AST=arg line=1 MLIR_ops=[]
[visit_enter] AST=list line=0 MLIR_ops=['set_loc', 'set_loc', 'set_loc', 'set_loc', 'set_loc', 'set_loc', 'set_loc', 'set_loc', 'set_loc', 'set_loc', 'set_loc', 'set_loc']
[visit_enter] AST=Assign line=2 MLIR_ops=['set_loc', 'set_loc', 'set_loc', 'set_loc']
[visit_enter] AST=Call line=2 MLIR_ops=['set_loc', 'set_loc', 'set_loc', 'set_loc', 'get.program.id']
[visit_enter] AST=Attribute line=2 MLIR_ops=['set_loc', 'set_loc']
[visit_enter] AST=Name line=2 MLIR_ops=[]
[visit_enter] AST=Constant line=2 MLIR_ops=[]
[visit_enter] AST=Name line=2 MLIR_ops=[]
[visit_enter] AST=Assign line=3 MLIR_ops=['set_loc', 'set_loc', 'set_loc', 'set_loc']
[visit_enter] AST=BinOp line=3 MLIR_ops=['set_loc', 'set_loc', 'set_loc', 'set_loc', 'splat', 'int.cast', 'int.cast', 'add', 'splat', 'icmpSLE', 'splat', 'icmpSGE', 'and', 'add']
[visit_enter] AST=BinOp line=3 MLIR_ops=['set_loc', 'set_loc', 'set_loc', 'set_loc', 'int.cast', 'int.cast', 'mul', 'icmpSLE', 'icmpSGE', 'and', 'mul']
[visit_enter] AST=Name line=3 MLIR_ops=[]
[visit_enter] AST=Constant line=3 MLIR_ops=[]
[visit_enter] AST=Call line=3 MLIR_ops=['set_loc', 'set_loc', 'set_loc', 'set_loc', 'set_loc', 'set_loc', 'make.range']
[visit_enter] AST=Attribute line=3 MLIR_ops=['set_loc', 'set_loc']
[visit_enter] AST=Name line=3 MLIR_ops=[]
[visit_enter] AST=Constant line=3 MLIR_ops=[]
[visit_enter] AST=Constant line=3 MLIR_ops=[]
[visit_enter] AST=Name line=3 MLIR_ops=[]
[visit_enter] AST=Assign line=4 MLIR_ops=['set_loc', 'set_loc', 'set_loc', 'set_loc']
[visit_enter] AST=Call line=4 MLIR_ops=['set_loc', 'set_loc', 'set_loc', 'set_loc', 'load']
[visit_enter] AST=Attribute line=4 MLIR_ops=['set_loc', 'set_loc']
[visit_enter] AST=Name line=4 MLIR_ops=[]
[visit_enter] AST=BinOp line=4 MLIR_ops=['set_loc', 'set_loc', 'set_loc', 'set_loc', 'splat', 'addptr']
[visit_enter] AST=Name line=4 MLIR_ops=[]
[visit_enter] AST=Name line=4 MLIR_ops=[]
[visit_enter] AST=Name line=4 MLIR_ops=[]
[visit_enter] AST=Assign line=5 MLIR_ops=['set_loc', 'set_loc', 'set_loc', 'set_loc']
[visit_enter] AST=Call line=5 MLIR_ops=['set_loc', 'set_loc', 'set_loc', 'set_loc', 'load']
[visit_enter] AST=Attribute line=5 MLIR_ops=['set_loc', 'set_loc']
[visit_enter] AST=Name line=5 MLIR_ops=[]
[visit_enter] AST=BinOp line=5 MLIR_ops=['set_loc', 'set_loc', 'set_loc', 'set_loc', 'splat', 'addptr']
[visit_enter] AST=Name line=5 MLIR_ops=[]
[visit_enter] AST=Name line=5 MLIR_ops=[]
[visit_enter] AST=Name line=5 MLIR_ops=[]
[visit_enter] AST=Assign line=6 MLIR_ops=['set_loc', 'set_loc', 'set_loc', 'set_loc']
[visit_enter] AST=Call line=6 MLIR_ops=['set_loc', 'set_loc', 'set_loc', 'set_loc', 'set_loc', 'set_loc', 'set_loc', 'set_loc', 'select']
[visit_enter] AST=Attribute line=6 MLIR_ops=['set_loc', 'set_loc']
[visit_enter] AST=Name line=6 MLIR_ops=[]
[visit_enter] AST=Compare line=6 MLIR_ops=['set_loc', 'set_loc', 'set_loc', 'set_loc', 'fcmpOGT']
[visit_enter] AST=Name line=6 MLIR_ops=[]
[visit_enter] AST=Name line=6 MLIR_ops=[]
[visit_enter] AST=Name line=6 MLIR_ops=[]
[visit_enter] AST=Name line=6 MLIR_ops=[]
[visit_enter] AST=Name line=6 MLIR_ops=[]
[visit_enter] AST=Expr line=7 MLIR_ops=['set_loc', 'set_loc']
[visit_enter] AST=Call line=7 MLIR_ops=['set_loc', 'set_loc', 'set_loc', 'set_loc', 'set_loc', 'set_loc', 'store']
[visit_enter] AST=Attribute line=7 MLIR_ops=['set_loc', 'set_loc']
[visit_enter] AST=Name line=7 MLIR_ops=[]
[visit_enter] AST=BinOp line=7 MLIR_ops=['set_loc', 'set_loc', 'set_loc', 'set_loc', 'splat', 'addptr']
[visit_enter] AST=Name line=7 MLIR_ops=[]
[visit_enter] AST=Name line=7 MLIR_ops=[]
[visit_enter] AST=Name line=7 MLIR_ops=[]
[visit_enter] AST=Module line=0 MLIR_ops=['set_loc', 'set_loc']
[visit_enter] AST=FunctionDef line=1 MLIR_ops=['set_loc']
[visit_enter] AST=arguments line=0 MLIR_ops=['set_loc', 'set_loc', 'set_loc', 'set_loc']
[visit_enter] AST=arg line=1 MLIR_ops=[]
[visit_enter] AST=arg line=1 MLIR_ops=[]
[visit_enter] AST=list line=0 MLIR_ops=['set_loc', 'set_loc', 'set_loc', 'set_loc', 'set_loc', 'set_loc', 'set_loc', 'set_loc', 'set_loc', 'set_loc', 'set_loc', 'set_loc']
[visit_enter] AST=Assign line=2 MLIR_ops=['set_loc', 'set_loc', 'set_loc', 'set_loc']
[visit_enter] AST=Call line=2 MLIR_ops=['set_loc', 'set_loc', 'set_loc', 'set_loc', 'get.program.id']
[visit_enter] AST=Attribute line=2 MLIR_ops=['set_loc', 'set_loc']
[visit_enter] AST=Name line=2 MLIR_ops=[]
[visit_enter] AST=Constant line=2 MLIR_ops=[]
[visit_enter] AST=Name line=2 MLIR_ops=[]
[visit_enter] AST=Assign line=3 MLIR_ops=['set_loc', 'set_loc', 'set_loc', 'set_loc']
[visit_enter] AST=BinOp line=3 MLIR_ops=['set_loc', 'set_loc', 'set_loc', 'set_loc', 'splat', 'int.cast', 'int.cast', 'add', 'splat', 'icmpSLE', 'splat', 'icmpSGE', 'and', 'add']
[visit_enter] AST=BinOp line=3 MLIR_ops=['set_loc', 'set_loc', 'set_loc', 'set_loc', 'int.cast', 'int.cast', 'mul', 'icmpSLE', 'icmpSGE', 'and', 'mul']
[visit_enter] AST=Name line=3 MLIR_ops=[]
[visit_enter] AST=Constant line=3 MLIR_ops=[]
[visit_enter] AST=Call line=3 MLIR_ops=['set_loc', 'set_loc', 'set_loc', 'set_loc', 'set_loc', 'set_loc', 'make.range']
[visit_enter] AST=Attribute line=3 MLIR_ops=['set_loc', 'set_loc']
[visit_enter] AST=Name line=3 MLIR_ops=[]
[visit_enter] AST=Constant line=3 MLIR_ops=[]
[visit_enter] AST=Constant line=3 MLIR_ops=[]
[visit_enter] AST=Name line=3 MLIR_ops=[]
[visit_enter] AST=Assign line=4 MLIR_ops=['set_loc', 'set_loc', 'set_loc', 'set_loc']
[visit_enter] AST=Call line=4 MLIR_ops=['set_loc', 'set_loc', 'set_loc', 'set_loc', 'load']
[visit_enter] AST=Attribute line=4 MLIR_ops=['set_loc', 'set_loc']
[visit_enter] AST=Name line=4 MLIR_ops=[]
[visit_enter] AST=BinOp line=4 MLIR_ops=['set_loc', 'set_loc', 'set_loc', 'set_loc', 'splat', 'addptr']
[visit_enter] AST=Name line=4 MLIR_ops=[]
[visit_enter] AST=Name line=4 MLIR_ops=[]
[visit_enter] AST=Name line=4 MLIR_ops=[]
[visit_enter] AST=Assign line=5 MLIR_ops=['set_loc', 'set_loc', 'set_loc', 'set_loc']
[visit_enter] AST=Constant line=5 MLIR_ops=[]
[visit_enter] AST=Name line=5 MLIR_ops=[]
[visit_enter] AST=While line=6 MLIR_ops=['block', 'set_loc', 'while.op', 'block.with.parent', 'set_loc', 'set_loc', 'condition.op', 'block.with.parent', 'yield.op']
[visit_enter] AST=list line=0 MLIR_ops=['set_loc', 'set_loc', 'set_loc', 'set_loc']
[visit_enter] AST=Assign line=7 MLIR_ops=['set_loc', 'set_loc', 'set_loc', 'set_loc']
[visit_enter] AST=BinOp line=7 MLIR_ops=['set_loc', 'set_loc', 'set_loc', 'set_loc', 'splat', 'fadd']
[visit_enter] AST=Name line=7 MLIR_ops=[]
[visit_enter] AST=Constant line=7 MLIR_ops=[]
[visit_enter] AST=Name line=7 MLIR_ops=[]
[visit_enter] AST=Assign line=8 MLIR_ops=['set_loc', 'set_loc', 'set_loc', 'set_loc']
[visit_enter] AST=BinOp line=8 MLIR_ops=['set_loc', 'set_loc', 'set_loc', 'set_loc', 'int.cast', 'int.cast', 'add', 'icmpSLE', 'icmpSGE', 'and', 'add']
[visit_enter] AST=Name line=8 MLIR_ops=[]
[visit_enter] AST=Constant line=8 MLIR_ops=[]
[visit_enter] AST=Name line=8 MLIR_ops=[]
[visit_enter] AST=Compare line=6 MLIR_ops=['set_loc', 'set_loc', 'set_loc', 'set_loc', 'icmpSLT']
[visit_enter] AST=Name line=6 MLIR_ops=[]
[visit_enter] AST=Constant line=6 MLIR_ops=[]
[visit_enter] AST=list line=0 MLIR_ops=['set_loc', 'set_loc', 'set_loc', 'set_loc']
[visit_enter] AST=Assign line=7 MLIR_ops=['set_loc', 'set_loc', 'set_loc', 'set_loc']
[visit_enter] AST=BinOp line=7 MLIR_ops=['set_loc', 'set_loc', 'set_loc', 'set_loc', 'splat', 'fadd']
[visit_enter] AST=Name line=7 MLIR_ops=[]
[visit_enter] AST=Constant line=7 MLIR_ops=[]
[visit_enter] AST=Name line=7 MLIR_ops=[]
[visit_enter] AST=Assign line=8 MLIR_ops=['set_loc', 'set_loc', 'set_loc', 'set_loc']
[visit_enter] AST=BinOp line=8 MLIR_ops=['set_loc', 'set_loc', 'set_loc', 'set_loc', 'int.cast', 'int.cast', 'add', 'icmpSLE', 'icmpSGE', 'and', 'add']
[visit_enter] AST=Name line=8 MLIR_ops=[]
[visit_enter] AST=Constant line=8 MLIR_ops=[]
[visit_enter] AST=Name line=8 MLIR_ops=[]
[visit_enter] AST=Expr line=9 MLIR_ops=['set_loc', 'set_loc']
[visit_enter] AST=Call line=9 MLIR_ops=['set_loc', 'set_loc', 'set_loc', 'set_loc', 'set_loc', 'set_loc', 'store']
[visit_enter] AST=Attribute line=9 MLIR_ops=['set_loc', 'set_loc']
[visit_enter] AST=Name line=9 MLIR_ops=[]
[visit_enter] AST=BinOp line=9 MLIR_ops=['set_loc', 'set_loc', 'set_loc', 'set_loc', 'splat', 'addptr']
[visit_enter] AST=Name line=9 MLIR_ops=[]
[visit_enter] AST=Name line=9 MLIR_ops=[]
[visit_enter] AST=Name line=9 MLIR_ops=[]
[visit_enter] AST=Module line=0 MLIR_ops=['set_loc', 'set_loc']
[visit_enter] AST=FunctionDef line=1 MLIR_ops=['set_loc']
[visit_enter] AST=arguments line=0 MLIR_ops=['set_loc', 'set_loc', 'set_loc', 'set_loc']
[visit_enter] AST=arg line=1 MLIR_ops=[]
[visit_enter] AST=arg line=1 MLIR_ops=[]
[visit_enter] AST=list line=0 MLIR_ops=['set_loc', 'set_loc', 'set_loc', 'set_loc', 'set_loc', 'set_loc', 'set_loc', 'set_loc', 'set_loc', 'set_loc', 'set_loc', 'set_loc']
[visit_enter] AST=Assign line=2 MLIR_ops=['set_loc', 'set_loc', 'set_loc', 'set_loc']
[visit_enter] AST=Call line=2 MLIR_ops=['set_loc', 'set_loc', 'set_loc', 'set_loc', 'get.program.id']
[visit_enter] AST=Attribute line=2 MLIR_ops=['set_loc', 'set_loc']
[visit_enter] AST=Name line=2 MLIR_ops=[]
[visit_enter] AST=Constant line=2 MLIR_ops=[]
[visit_enter] AST=Name line=2 MLIR_ops=[]
[visit_enter] AST=Assign line=3 MLIR_ops=['set_loc', 'set_loc', 'set_loc', 'set_loc']
[visit_enter] AST=BinOp line=3 MLIR_ops=['set_loc', 'set_loc', 'set_loc', 'set_loc', 'splat', 'int.cast', 'int.cast', 'add', 'splat', 'icmpSLE', 'splat', 'icmpSGE', 'and', 'add']
[visit_enter] AST=BinOp line=3 MLIR_ops=['set_loc', 'set_loc', 'set_loc', 'set_loc', 'int.cast', 'int.cast', 'mul', 'icmpSLE', 'icmpSGE', 'and', 'mul']
[visit_enter] AST=Name line=3 MLIR_ops=[]
[visit_enter] AST=Constant line=3 MLIR_ops=[]
[visit_enter] AST=Call line=3 MLIR_ops=['set_loc', 'set_loc', 'set_loc', 'set_loc', 'set_loc', 'set_loc', 'make.range']
[visit_enter] AST=Attribute line=3 MLIR_ops=['set_loc', 'set_loc']
[visit_enter] AST=Name line=3 MLIR_ops=[]
[visit_enter] AST=Constant line=3 MLIR_ops=[]
[visit_enter] AST=Constant line=3 MLIR_ops=[]
[visit_enter] AST=Name line=3 MLIR_ops=[]
[visit_enter] AST=Assign line=4 MLIR_ops=['set_loc', 'set_loc', 'set_loc', 'set_loc']
[visit_enter] AST=Call line=4 MLIR_ops=['set_loc', 'set_loc', 'set_loc', 'set_loc', 'load']
[visit_enter] AST=Attribute line=4 MLIR_ops=['set_loc', 'set_loc']
[visit_enter] AST=Name line=4 MLIR_ops=[]
[visit_enter] AST=BinOp line=4 MLIR_ops=['set_loc', 'set_loc', 'set_loc', 'set_loc', 'splat', 'addptr']
[visit_enter] AST=Name line=4 MLIR_ops=[]
[visit_enter] AST=Name line=4 MLIR_ops=[]
[visit_enter] AST=Name line=4 MLIR_ops=[]
[visit_enter] AST=Assign line=5 MLIR_ops=['set_loc', 'set_loc', 'set_loc', 'set_loc']
[visit_enter] AST=Call line=5 MLIR_ops=['set_loc', 'set_loc', 'set_loc', 'set_loc', 'exp']
[visit_enter] AST=Attribute line=5 MLIR_ops=['set_loc', 'set_loc']
[visit_enter] AST=Name line=5 MLIR_ops=[]
[visit_enter] AST=Name line=5 MLIR_ops=[]
[visit_enter] AST=Name line=5 MLIR_ops=[]
[visit_enter] AST=Assign line=6 MLIR_ops=['set_loc', 'set_loc', 'set_loc', 'set_loc']
[visit_enter] AST=Call line=6 MLIR_ops=['set_loc', 'set_loc', 'set_loc', 'set_loc', 'fabs']
[visit_enter] AST=Attribute line=6 MLIR_ops=['set_loc', 'set_loc']
[visit_enter] AST=Name line=6 MLIR_ops=[]
[visit_enter] AST=Name line=6 MLIR_ops=[]
[visit_enter] AST=Name line=6 MLIR_ops=[]
[visit_enter] AST=Expr line=7 MLIR_ops=['set_loc', 'set_loc']
[visit_enter] AST=Call line=7 MLIR_ops=['set_loc', 'set_loc', 'set_loc', 'set_loc', 'set_loc', 'set_loc', 'store']
[visit_enter] AST=Attribute line=7 MLIR_ops=['set_loc', 'set_loc']
[visit_enter] AST=Name line=7 MLIR_ops=[]
[visit_enter] AST=BinOp line=7 MLIR_ops=['set_loc', 'set_loc', 'set_loc', 'set_loc', 'splat', 'addptr']
[visit_enter] AST=Name line=7 MLIR_ops=[]
[visit_enter] AST=Name line=7 MLIR_ops=[]
[visit_enter] AST=BinOp line=7 MLIR_ops=['set_loc', 'set_loc', 'set_loc', 'set_loc', 'fadd']
[visit_enter] AST=Name line=7 MLIR_ops=[]
[visit_enter] AST=Name line=7 MLIR_ops=[]
[visit_enter] AST=Module line=0 MLIR_ops=['set_loc', 'set_loc']
[visit_enter] AST=FunctionDef line=1 MLIR_ops=['set_loc']
[visit_enter] AST=arguments line=0 MLIR_ops=['set_loc', 'set_loc', 'set_loc', 'set_loc']
[visit_enter] AST=arg line=1 MLIR_ops=[]
[visit_enter] AST=arg line=1 MLIR_ops=[]
[visit_enter] AST=list line=0 MLIR_ops=['set_loc', 'set_loc', 'set_loc', 'set_loc', 'set_loc', 'set_loc', 'set_loc', 'set_loc', 'set_loc', 'set_loc']
[visit_enter] AST=Assign line=2 MLIR_ops=['set_loc', 'set_loc', 'set_loc', 'set_loc']
[visit_enter] AST=Call line=2 MLIR_ops=['set_loc', 'set_loc', 'set_loc', 'set_loc', 'get.program.id']
[visit_enter] AST=Attribute line=2 MLIR_ops=['set_loc', 'set_loc']
[visit_enter] AST=Name line=2 MLIR_ops=[]
[visit_enter] AST=Constant line=2 MLIR_ops=[]
[visit_enter] AST=Name line=2 MLIR_ops=[]
[visit_enter] AST=Assign line=3 MLIR_ops=['set_loc', 'set_loc', 'set_loc', 'set_loc']
[visit_enter] AST=BinOp line=3 MLIR_ops=['set_loc', 'set_loc', 'set_loc', 'set_loc', 'splat', 'int.cast', 'int.cast', 'add', 'splat', 'icmpSLE', 'splat', 'icmpSGE', 'and', 'add']
[visit_enter] AST=BinOp line=3 MLIR_ops=['set_loc', 'set_loc', 'set_loc', 'set_loc', 'int.cast', 'int.cast', 'mul', 'icmpSLE', 'icmpSGE', 'and', 'mul']
[visit_enter] AST=Name line=3 MLIR_ops=[]
[visit_enter] AST=Constant line=3 MLIR_ops=[]
[visit_enter] AST=Call line=3 MLIR_ops=['set_loc', 'set_loc', 'set_loc', 'set_loc', 'set_loc', 'set_loc', 'make.range']
[visit_enter] AST=Attribute line=3 MLIR_ops=['set_loc', 'set_loc']
[visit_enter] AST=Name line=3 MLIR_ops=[]
[visit_enter] AST=Constant line=3 MLIR_ops=[]
[visit_enter] AST=Constant line=3 MLIR_ops=[]
[visit_enter] AST=Name line=3 MLIR_ops=[]
[visit_enter] AST=Assign line=4 MLIR_ops=['set_loc', 'set_loc', 'set_loc', 'set_loc']
[visit_enter] AST=Call line=4 MLIR_ops=['set_loc', 'set_loc', 'set_loc', 'set_loc', 'load']
[visit_enter] AST=Attribute line=4 MLIR_ops=['set_loc', 'set_loc']
[visit_enter] AST=Name line=4 MLIR_ops=[]
[visit_enter] AST=BinOp line=4 MLIR_ops=['set_loc', 'set_loc', 'set_loc', 'set_loc', 'splat', 'addptr']
[visit_enter] AST=Name line=4 MLIR_ops=[]
[visit_enter] AST=Name line=4 MLIR_ops=[]
[visit_enter] AST=Name line=4 MLIR_ops=[]
[visit_enter] AST=Assign line=5 MLIR_ops=['set_loc', 'set_loc', 'set_loc', 'set_loc']
[visit_enter] AST=Call line=5 MLIR_ops=['set_loc', 'set_loc', 'set_loc', 'set_loc', 'fp.trunc']
[visit_enter] AST=Attribute line=5 MLIR_ops=['set_loc', 'set_loc']
[visit_enter] AST=Name line=5 MLIR_ops=[]
[visit_enter] AST=Attribute line=5 MLIR_ops=['set_loc', 'set_loc']
[visit_enter] AST=Name line=5 MLIR_ops=[]
[visit_enter] AST=Name line=5 MLIR_ops=[]
[visit_enter] AST=Expr line=6 MLIR_ops=['set_loc', 'set_loc']
[visit_enter] AST=Call line=6 MLIR_ops=['set_loc', 'set_loc', 'set_loc', 'set_loc', 'set_loc', 'set_loc', 'store']
[visit_enter] AST=Attribute line=6 MLIR_ops=['set_loc', 'set_loc']
[visit_enter] AST=Name line=6 MLIR_ops=[]
[visit_enter] AST=BinOp line=6 MLIR_ops=['set_loc', 'set_loc', 'set_loc', 'set_loc', 'splat', 'addptr']
[visit_enter] AST=Name line=6 MLIR_ops=[]
[visit_enter] AST=Name line=6 MLIR_ops=[]
[visit_enter] AST=Call line=6 MLIR_ops=['set_loc', 'set_loc', 'set_loc', 'set_loc', 'fp.ext']
[visit_enter] AST=Attribute line=6 MLIR_ops=['set_loc', 'set_loc']
[visit_enter] AST=Name line=6 MLIR_ops=[]
[visit_enter] AST=Attribute line=6 MLIR_ops=['set_loc', 'set_loc']
[visit_enter] AST=Name line=6 MLIR_ops=[]
[visit_enter] AST=Module line=0 MLIR_ops=['set_loc', 'set_loc']
[visit_enter] AST=FunctionDef line=1 MLIR_ops=['set_loc']
[visit_enter] AST=arguments line=0 MLIR_ops=['set_loc', 'set_loc', 'set_loc', 'set_loc', 'set_loc', 'set_loc']
[visit_enter] AST=arg line=1 MLIR_ops=[]
[visit_enter] AST=arg line=1 MLIR_ops=[]
[visit_enter] AST=arg line=1 MLIR_ops=[]
[visit_enter] AST=list line=0 MLIR_ops=['set_loc', 'set_loc', 'set_loc', 'set_loc', 'set_loc', 'set_loc', 'set_loc', 'set_loc', 'set_loc', 'set_loc', 'set_loc', 'set_loc']
[visit_enter] AST=Assign line=2 MLIR_ops=['set_loc', 'set_loc', 'set_loc', 'set_loc']
[visit_enter] AST=Call line=2 MLIR_ops=['set_loc', 'set_loc', 'set_loc', 'set_loc', 'get.program.id']
[visit_enter] AST=Attribute line=2 MLIR_ops=['set_loc', 'set_loc']
[visit_enter] AST=Name line=2 MLIR_ops=[]
[visit_enter] AST=Constant line=2 MLIR_ops=[]
[visit_enter] AST=Name line=2 MLIR_ops=[]
[visit_enter] AST=Assign line=3 MLIR_ops=['set_loc', 'set_loc', 'set_loc', 'set_loc']
[visit_enter] AST=BinOp line=3 MLIR_ops=['set_loc', 'set_loc', 'set_loc', 'set_loc', 'splat', 'int.cast', 'int.cast', 'add', 'splat', 'icmpSLE', 'splat', 'icmpSGE', 'and', 'add']
[visit_enter] AST=BinOp line=3 MLIR_ops=['set_loc', 'set_loc', 'set_loc', 'set_loc', 'int.cast', 'int.cast', 'mul', 'icmpSLE', 'icmpSGE', 'and', 'mul']
[visit_enter] AST=Name line=3 MLIR_ops=[]
[visit_enter] AST=Constant line=3 MLIR_ops=[]
[visit_enter] AST=Call line=3 MLIR_ops=['set_loc', 'set_loc', 'set_loc', 'set_loc', 'set_loc', 'set_loc', 'make.range']
[visit_enter] AST=Attribute line=3 MLIR_ops=['set_loc', 'set_loc']
[visit_enter] AST=Name line=3 MLIR_ops=[]
[visit_enter] AST=Constant line=3 MLIR_ops=[]
[visit_enter] AST=Constant line=3 MLIR_ops=[]
[visit_enter] AST=Name line=3 MLIR_ops=[]
[visit_enter] AST=Assign line=4 MLIR_ops=['set_loc', 'set_loc', 'set_loc', 'set_loc']
[visit_enter] AST=Call line=4 MLIR_ops=['set_loc', 'set_loc', 'set_loc', 'set_loc', 'load']
[visit_enter] AST=Attribute line=4 MLIR_ops=['set_loc', 'set_loc']
[visit_enter] AST=Name line=4 MLIR_ops=[]
[visit_enter] AST=BinOp line=4 MLIR_ops=['set_loc', 'set_loc', 'set_loc', 'set_loc', 'splat', 'addptr']
[visit_enter] AST=Name line=4 MLIR_ops=[]
[visit_enter] AST=Name line=4 MLIR_ops=[]
[visit_enter] AST=Name line=4 MLIR_ops=[]
[visit_enter] AST=Assign line=5 MLIR_ops=['set_loc', 'set_loc', 'set_loc', 'set_loc']
[visit_enter] AST=Call line=5 MLIR_ops=['set_loc', 'set_loc', 'set_loc', 'set_loc', 'load']
[visit_enter] AST=Attribute line=5 MLIR_ops=['set_loc', 'set_loc']
[visit_enter] AST=Name line=5 MLIR_ops=[]
[visit_enter] AST=BinOp line=5 MLIR_ops=['set_loc', 'set_loc', 'set_loc', 'set_loc', 'splat', 'addptr']
[visit_enter] AST=Name line=5 MLIR_ops=[]
[visit_enter] AST=Name line=5 MLIR_ops=[]
[visit_enter] AST=Name line=5 MLIR_ops=[]
[visit_enter] AST=Assign line=6 MLIR_ops=['set_loc', 'set_loc', 'set_loc', 'set_loc']
[visit_enter] AST=BinOp line=6 MLIR_ops=['set_loc', 'set_loc', 'set_loc', 'set_loc', 'fsub']
[visit_enter] AST=Name line=6 MLIR_ops=[]
[visit_enter] AST=Name line=6 MLIR_ops=[]
[visit_enter] AST=Name line=6 MLIR_ops=[]
[visit_enter] AST=Expr line=7 MLIR_ops=['set_loc', 'set_loc']
[visit_enter] AST=Call line=7 MLIR_ops=['set_loc', 'set_loc', 'set_loc', 'set_loc', 'set_loc', 'set_loc', 'store']
[visit_enter] AST=Attribute line=7 MLIR_ops=['set_loc', 'set_loc']
[visit_enter] AST=Name line=7 MLIR_ops=[]
[visit_enter] AST=BinOp line=7 MLIR_ops=['set_loc', 'set_loc', 'set_loc', 'set_loc', 'splat', 'addptr']
[visit_enter] AST=Name line=7 MLIR_ops=[]
[visit_enter] AST=Name line=7 MLIR_ops=[]
[visit_enter] AST=Name line=7 MLIR_ops=[]

## 统计: AST 节点 visit 次数
  Name: 223
  Constant: 71
  Attribute: 64
  BinOp: 58
  Call: 55
  Assign: 51
  arg: 34
  list: 17
  Module: 13
  FunctionDef: 13
  arguments: 13
  Subscript: 12
  Expr: 9
  keyword: 7
  Compare: 7
  Tuple: 6
  Slice: 6
  AnnAssign: 4
  Return: 4
  If: 2
  While: 1

## 统计: AST → MLIR op 生成对应
  AnnAssign:
  Assign:
    → set_loc: 188
  Attribute:
    → set_loc: 108
  BinOp:
    → set_loc: 224
    → splat: 61
    → int.cast: 50
    → mul: 26
    → icmpSLE: 25
    → icmpSGE: 25
    → and: 25
    → add: 24
    → addptr: 24
    → broadcast: 6
    → fadd: 4
    → sdiv: 1
    → srem: 1
    → fsub: 1
  Call:
    → set_loc: 260
    → make.range: 11
    → load: 11
    → get.program.id: 9
    → store: 7
    → masked.load: 2
    → fp.trunc: 2
    → masked.store: 1
    → splat: 1
    → dot: 1
    → atomic.rmw: 1
    → select: 1
    → exp: 1
    → fabs: 1
    → fp.ext: 1
  Compare:
    → set_loc: 20
    → icmpSLT: 4
    → splat: 3
    → fcmpOGT: 1
  Constant:
  Expr:
    → set_loc: 18
  FunctionDef:
    → set_loc: 9
  If:
  Module:
    → set_loc: 18
  Name:
  Return:
  Slice:
  Subscript:
    → set_loc: 24
    → expand.dims: 6
  Tuple:
    → set_loc: 24
  While:
    → set_loc: 3
    → block.with.parent: 2
    → block: 1
    → while.op: 1
    → condition.op: 1
    → yield.op: 1
  arg:
  arguments:
    → set_loc: 44
  keyword:
    → set_loc: 10
  list:
    → set_loc: 114
